// Vitest Snapshot v1

exports[`foo snapshot test 1`] = `
{
  "foo": {
    "x": 0,
    "y": 2,
  },
}
`;
