// Vitest Snapshot v1

exports[`mount component 1`] = `
"<form>
  <!-- 表单标题 --><label>表单</label><!-- 添加按钮 --><button>按钮</button>
</form>"
`;
